INFO    : Building target course
INFO    : XSL conversion of /Users/lenore.horner/Documents/Professional/Classes/7Hills/2026-2027/DQLA/diff-eq-lin-alg_2026-2027/source/main.ptx by /Users/lenore.horner/.ptx/2.50.0/core/xsl/utilities/pretext-enhanced-source.xsl
INFO    : successful application of /Users/lenore.horner/.ptx/2.50.0/core/xsl/utilities/pretext-enhanced-source.xsl
INFO    : discovering source file's directory name: /Users/lenore.horner/Documents/Professional/Classes/7Hills/2026-2027/DQLA/diff-eq-lin-alg_2026-2027/source
INFO    : verifying and expanding input directory: /Users/lenore.horner/Documents/Professional/Classes/7Hills/2026-2027/DQLA/diff-eq-lin-alg_2026-2027/source/../assets
INFO    : input directory expanded to absolute path: /Users/lenore.horner/Documents/Professional/Classes/7Hills/2026-2027/DQLA/diff-eq-lin-alg_2026-2027/assets
INFO    : Generating any needed assets.
INFO    : Finished generating assets.

INFO    : Preparing to build into /Users/lenore.horner/Documents/Professional/Classes/7Hills/2026-2027/DQLA/diff-eq-lin-alg_2026-2027/output/course.
INFO    : XSL conversion of /Users/lenore.horner/Documents/Professional/Classes/7Hills/2026-2027/DQLA/diff-eq-lin-alg_2026-2027/source/main.ptx by /Users/lenore.horner/.ptx/2.50.0/core/xsl/utilities/report-publisher-variables.xsl
INFO    : successful application of /Users/lenore.horner/.ptx/2.50.0/core/xsl/utilities/report-publisher-variables.xsl
INFO    : Downloading rs services file from https://runestone.academy/cdn/runestone/latest/webpack_static_imports.xml.
INFO    : Runestone Services via online CDN query: version 8.2.7
INFO    : Downloading Runestone Services, version 8.2.7
INFO    : Extracting Runestone Services from archive file
INFO    : Building custom css theme: theme-denver
INFO    : converting /Users/lenore.horner/Documents/Professional/Classes/7Hills/2026-2027/DQLA/diff-eq-lin-alg_2026-2027/source/main.ptx to HTML in /var/folders/qb/p4gnhj3x4dnbqwbdtdqvfdrc0000gv/T/ptx-uo0s4wjb
INFO    : XSL conversion of /Users/lenore.horner/Documents/Professional/Classes/7Hills/2026-2027/DQLA/diff-eq-lin-alg_2026-2027/source/main.ptx by /Users/lenore.horner/.ptx/2.50.0/core/xsl/pretext-html.xsl
INFO    : messages from the log for XSL processing (prefaced with a *):
INFO    : * PTX:INFO:   checking all deprecated elements.
INFO    : successful application of /Users/lenore.horner/.ptx/2.50.0/core/xsl/pretext-html.xsl
INFO    : Removing temporary directory /var/folders/qb/p4gnhj3x4dnbqwbdtdqvfdrc0000gv/T/ptx-uo0s4wjb
INFO    : Removing temporary directory /var/folders/qb/p4gnhj3x4dnbqwbdtdqvfdrc0000gv/T/ptx-ubf5bs5f
INFO    : 
Finished build for target course. Run `pretext view course` to see the results.

INFO    : Building target slides_2026-08-26
INFO    : XSL conversion of /Users/lenore.horner/Documents/Professional/Classes/7Hills/2026-2027/DQLA/diff-eq-lin-alg_2026-2027/source/slides_2026-08-26_diff-eq-math-models by /Users/lenore.horner/.ptx/2.50.0/core/xsl/utilities/pretext-enhanced-source.xsl
ERROR   : Error assembling source file: Error reading file '/Users/lenore.horner/Documents/Professional/Classes/7Hills/2026-2027/DQLA/diff-eq-lin-alg_2026-2027/source/slides_2026-08-26_diff-eq-math-models': failed to load "/Users/lenore.horner/Documents/Professional/Classes/7Hills/2026-2027/DQLA/diff-eq-lin-alg_2026-2027/source/slides_2026-08-26_diff-eq-math-models": No such file or directory
FATAL   : XML syntax for source file is invalid
INFO    : ------------------------
exit    : Failed to build without errors.  Exiting...
INFO    : 
----------------------------------------------------
INFO    : While running pretext, the following errors occurred:

INFO    : (see log messages above or in the 'logs' folder for more information)
INFO    : ----------------------------------------------------
